2025-04-28 11:46:46,373 [INFO] Starting run 1/25...
2025-04-28 11:46:46,386 [INFO] Checkpoint loaded. Running 3D simulation...
2025-04-28 11:46:49,631 [INFO] No feasible actions at step 419
2025-04-28 11:46:49,631 [INFO] Run 1: Items Placed = 419, Utilization Ratio = 0.7310
2025-04-28 11:46:49,631 [INFO] Starting run 2/25...
2025-04-28 11:46:49,642 [INFO] Checkpoint loaded. Running 3D simulation...
2025-04-28 11:46:52,371 [INFO] No feasible actions at step 372
2025-04-28 11:46:52,371 [INFO] Run 2: Items Placed = 372, Utilization Ratio = 0.6684
2025-04-28 11:46:52,371 [INFO] Starting run 3/25...
2025-04-28 11:46:52,381 [INFO] Checkpoint loaded. Running 3D simulation...
2025-04-28 11:46:55,159 [INFO] No feasible actions at step 411
2025-04-28 11:46:55,159 [INFO] Run 3: Items Placed = 411, Utilization Ratio = 0.7243
2025-04-28 11:46:55,159 [INFO] Starting run 4/25...
2025-04-28 11:46:55,169 [INFO] Checkpoint loaded. Running 3D simulation...
2025-04-28 11:46:58,375 [INFO] No feasible actions at step 443
2025-04-28 11:46:58,375 [INFO] Run 4: Items Placed = 443, Utilization Ratio = 0.7831
2025-04-28 11:46:58,375 [INFO] Starting run 5/25...
2025-04-28 11:46:58,385 [INFO] Checkpoint loaded. Running 3D simulation...
2025-04-28 11:47:01,077 [INFO] No feasible actions at step 396
2025-04-28 11:47:01,077 [INFO] Run 5: Items Placed = 396, Utilization Ratio = 0.7087
2025-04-28 11:47:01,077 [INFO] Starting run 6/25...
2025-04-28 11:47:01,087 [INFO] Checkpoint loaded. Running 3D simulation...
2025-04-28 11:47:03,972 [INFO] No feasible actions at step 421
2025-04-28 11:47:03,972 [INFO] Run 6: Items Placed = 421, Utilization Ratio = 0.7452
2025-04-28 11:47:03,972 [INFO] Starting run 7/25...
2025-04-28 11:47:03,982 [INFO] Checkpoint loaded. Running 3D simulation...
2025-04-28 11:47:06,588 [INFO] No feasible actions at step 407
2025-04-28 11:47:06,588 [INFO] Run 7: Items Placed = 407, Utilization Ratio = 0.7338
2025-04-28 11:47:06,588 [INFO] Starting run 8/25...
2025-04-28 11:47:06,598 [INFO] Checkpoint loaded. Running 3D simulation...
2025-04-28 11:47:09,731 [INFO] No feasible actions at step 429
2025-04-28 11:47:09,731 [INFO] Run 8: Items Placed = 429, Utilization Ratio = 0.7542
2025-04-28 11:47:09,731 [INFO] Starting run 9/25...
2025-04-28 11:47:09,741 [INFO] Checkpoint loaded. Running 3D simulation...
2025-04-28 11:47:12,298 [INFO] No feasible actions at step 368
2025-04-28 11:47:12,298 [INFO] Run 9: Items Placed = 368, Utilization Ratio = 0.6588
2025-04-28 11:47:12,298 [INFO] Starting run 10/25...
2025-04-28 11:47:12,308 [INFO] Checkpoint loaded. Running 3D simulation...
2025-04-28 11:47:15,350 [INFO] No feasible actions at step 408
2025-04-28 11:47:15,350 [INFO] Run 10: Items Placed = 408, Utilization Ratio = 0.7287
2025-04-28 11:47:15,350 [INFO] Starting run 11/25...
2025-04-28 11:47:15,360 [INFO] Checkpoint loaded. Running 3D simulation...
2025-04-28 11:47:18,178 [INFO] No feasible actions at step 398
2025-04-28 11:47:18,178 [INFO] Run 11: Items Placed = 398, Utilization Ratio = 0.7120
2025-04-28 11:47:18,178 [INFO] Starting run 12/25...
2025-04-28 11:47:18,188 [INFO] Checkpoint loaded. Running 3D simulation...
2025-04-28 11:47:20,967 [INFO] No feasible actions at step 412
2025-04-28 11:47:20,967 [INFO] Run 12: Items Placed = 412, Utilization Ratio = 0.7492
2025-04-28 11:47:20,967 [INFO] Starting run 13/25...
2025-04-28 11:47:20,977 [INFO] Checkpoint loaded. Running 3D simulation...
2025-04-28 11:47:24,444 [INFO] No feasible actions at step 451
2025-04-28 11:47:24,444 [INFO] Run 13: Items Placed = 451, Utilization Ratio = 0.7702
2025-04-28 11:47:24,444 [INFO] Starting run 14/25...
2025-04-28 11:47:24,454 [INFO] Checkpoint loaded. Running 3D simulation...
2025-04-28 11:47:27,580 [INFO] No feasible actions at step 401
2025-04-28 11:47:27,581 [INFO] Run 14: Items Placed = 401, Utilization Ratio = 0.7232
2025-04-28 11:47:27,581 [INFO] Starting run 15/25...
2025-04-28 11:47:27,591 [INFO] Checkpoint loaded. Running 3D simulation...
2025-04-28 11:47:30,568 [INFO] No feasible actions at step 425
2025-04-28 11:47:30,568 [INFO] Run 15: Items Placed = 425, Utilization Ratio = 0.7485
2025-04-28 11:47:30,568 [INFO] Starting run 16/25...
2025-04-28 11:47:30,578 [INFO] Checkpoint loaded. Running 3D simulation...
2025-04-28 11:47:33,114 [INFO] No feasible actions at step 350
2025-04-28 11:47:33,114 [INFO] Run 16: Items Placed = 350, Utilization Ratio = 0.6282
2025-04-28 11:47:33,114 [INFO] Starting run 17/25...
2025-04-28 11:47:33,124 [INFO] Checkpoint loaded. Running 3D simulation...
2025-04-28 11:47:36,089 [INFO] No feasible actions at step 399
2025-04-28 11:47:36,089 [INFO] Run 17: Items Placed = 399, Utilization Ratio = 0.7237
2025-04-28 11:47:36,089 [INFO] Starting run 18/25...
2025-04-28 11:47:36,099 [INFO] Checkpoint loaded. Running 3D simulation...
2025-04-28 11:47:38,678 [INFO] No feasible actions at step 388
2025-04-28 11:47:38,678 [INFO] Run 18: Items Placed = 388, Utilization Ratio = 0.6852
2025-04-28 11:47:38,678 [INFO] Starting run 19/25...
2025-04-28 11:47:38,688 [INFO] Checkpoint loaded. Running 3D simulation...
2025-04-28 11:47:41,664 [INFO] No feasible actions at step 390
2025-04-28 11:47:41,664 [INFO] Run 19: Items Placed = 390, Utilization Ratio = 0.6876
2025-04-28 11:47:41,664 [INFO] Starting run 20/25...
2025-04-28 11:47:41,674 [INFO] Checkpoint loaded. Running 3D simulation...
2025-04-28 11:47:44,578 [INFO] No feasible actions at step 380
2025-04-28 11:47:44,578 [INFO] Run 20: Items Placed = 380, Utilization Ratio = 0.6690
2025-04-28 11:47:44,578 [INFO] Starting run 21/25...
2025-04-28 11:47:44,588 [INFO] Checkpoint loaded. Running 3D simulation...
2025-04-28 11:47:47,361 [INFO] No feasible actions at step 408
2025-04-28 11:47:47,361 [INFO] Run 21: Items Placed = 408, Utilization Ratio = 0.7274
2025-04-28 11:47:47,361 [INFO] Starting run 22/25...
2025-04-28 11:47:47,371 [INFO] Checkpoint loaded. Running 3D simulation...
2025-04-28 11:47:50,341 [INFO] No feasible actions at step 432
2025-04-28 11:47:50,341 [INFO] Run 22: Items Placed = 432, Utilization Ratio = 0.7969
2025-04-28 11:47:50,341 [INFO] Starting run 23/25...
2025-04-28 11:47:50,351 [INFO] Checkpoint loaded. Running 3D simulation...
2025-04-28 11:47:53,124 [INFO] No feasible actions at step 377
2025-04-28 11:47:53,124 [INFO] Run 23: Items Placed = 377, Utilization Ratio = 0.6681
2025-04-28 11:47:53,124 [INFO] Starting run 24/25...
2025-04-28 11:47:53,134 [INFO] Checkpoint loaded. Running 3D simulation...
2025-04-28 11:47:56,473 [INFO] No feasible actions at step 445
2025-04-28 11:47:56,474 [INFO] Run 24: Items Placed = 445, Utilization Ratio = 0.7935
2025-04-28 11:47:56,474 [INFO] Starting run 25/25...
2025-04-28 11:47:56,484 [INFO] Checkpoint loaded. Running 3D simulation...
2025-04-28 11:47:59,605 [INFO] No feasible actions at step 427
2025-04-28 11:47:59,605 [INFO] Run 25: Items Placed = 427, Utilization Ratio = 0.7663
============================================================
Average over 25 runs:
- Average Number of Items Placed: 406.28
- Average Utilization Ratio: 72.3410%
============================================================

